[geekfolio-nextjs.themescamp.com/dark/home-main/index.html]
[backblue.gif]
[fade.gif]
[index.html]
[geekfolio-nextjs.themescamp.com/dark/assets/css/base.css]
[cdn.jsdelivr.net/npm/bootstrap-icons@1.7.2/font/bootstrap-icons.css]
[geekfolio-nextjs.themescamp.com/dark/assets/css/plugins.css]
[geekfolio-nextjs.themescamp.com/dark/assets/css/style.css]
[geekfolio-nextjs.themescamp.com/_next/static/css/79e328fba8a99f7d.css]
[geekfolio-nextjs.themescamp.com/_next/static/chunks/polyfills-c67a75d1b6f99dc8.js]
[geekfolio-nextjs.themescamp.com/assets/js/plugins.js]
[geekfolio-nextjs.themescamp.com/assets/js/TweenMax.min.js]
[geekfolio-nextjs.themescamp.com/assets/js/charming.min.js]
[geekfolio-nextjs.themescamp.com/assets/js/countdown.js]
[geekfolio-nextjs.themescamp.com/assets/js/parallax.min.js]
[geekfolio-nextjs.themescamp.com/assets/js/ScrollTrigger.min.js]
[geekfolio-nextjs.themescamp.com/assets/js/gsap.min.js]
[geekfolio-nextjs.themescamp.com/assets/js/splitting.min.js]
[geekfolio-nextjs.themescamp.com/assets/js/isotope.pkgd.min.js]
[geekfolio-nextjs.themescamp.com/assets/js/imgReveal/imagesloaded.pkgd.min.js]
[geekfolio-nextjs.themescamp.com/assets/js/ScrollSmoother.min.js]
[geekfolio-nextjs.themescamp.com/showcase/assets/js/anime.min.js]
[geekfolio-nextjs.themescamp.com/_next/static/chunks/webpack-65ab24ab46d7f417.js]
[geekfolio-nextjs.themescamp.com/_next/static/chunks/framework-3671d8951bf44e4e.js]
[geekfolio-nextjs.themescamp.com/_next/static/chunks/main-def5803cdbdc2ee9.js]
[geekfolio-nextjs.themescamp.com/_next/static/chunks/pages/_app-e691b44f9ae1205f.js]
[geekfolio-nextjs.themescamp.com/_next/static/chunks/1664-b7c61323e77b2637.js]
[geekfolio-nextjs.themescamp.com/_next/static/chunks/719-39def292acfb41c0.js]
[geekfolio-nextjs.themescamp.com/_next/static/chunks/1329-7e12c64a028aa536.js]
[geekfolio-nextjs.themescamp.com/_next/static/chunks/6163-6b6ec57776fa5b02.js]
[geekfolio-nextjs.themescamp.com/_next/static/chunks/pages/dark/home-main-ae7cf3cb566cd7b5.js]
[geekfolio-nextjs.themescamp.com/_next/static/QAnZgPem0ymbo_9e2Ys2G/_buildManifest.js]
[geekfolio-nextjs.themescamp.com/_next/static/QAnZgPem0ymbo_9e2Ys2G/_ssgManifest.js]
[geekfolio-nextjs.themescamp.com/dark/assets/imgs/logo-light.png]
[geekfolio-nextjs.themescamp.com/dark/assets/imgs/background/14.jpg]
[geekfolio-nextjs.themescamp.com/dark/assets/imgs/about/01.jpg]
[geekfolio-nextjs.themescamp.com/dark/assets/imgs/about/1.jpg]
[geekfolio-nextjs.themescamp.com/dark/assets/imgs/serv-icons/0.png]
[geekfolio-nextjs.themescamp.com/dark/assets/imgs/serv-icons/1.png]
[geekfolio-nextjs.themescamp.com/dark/assets/imgs/serv-icons/2.png]
[geekfolio-nextjs.themescamp.com/dark/assets/imgs/portfolio/4/01.jpg]
[geekfolio-nextjs.themescamp.com/dark/assets/imgs/portfolio/4/02.jpg]
[geekfolio-nextjs.themescamp.com/dark/assets/imgs/portfolio/4/03.jpg]
[geekfolio-nextjs.themescamp.com/dark/assets/imgs/portfolio/4/04.jpg]
[geekfolio-nextjs.themescamp.com/dark/assets/imgs/portfolio/4/05.jpg]
[geekfolio-nextjs.themescamp.com/dark/assets/imgs/portfolio/4/06.jpg]
[geekfolio-nextjs.themescamp.com/dark/assets/imgs/sass-img/serv/4.jpg]
[geekfolio-nextjs.themescamp.com/dark/assets/imgs/sass-img/serv/2.jpg]
[geekfolio-nextjs.themescamp.com/dark/assets/imgs/sass-img/serv/3.jpg]
[geekfolio-nextjs.themescamp.com/dark/assets/imgs/sass-img/serv/1.jpg]
[geekfolio-nextjs.themescamp.com/dark/assets/imgs/svg-assets/quote.png]
[geekfolio-nextjs.themescamp.com/dark/assets/imgs/about/sq1.jpg]
[geekfolio-nextjs.themescamp.com/dark/assets/imgs/sass-img/blog/1.jpg]
[geekfolio-nextjs.themescamp.com/dark/assets/imgs/sass-img/blog/2.jpg]
[geekfolio-nextjs.themescamp.com/dark/home-main/page-contact.html]
[geekfolio-nextjs.themescamp.com/dark/home-main/index.html]
[geekfolio-nextjs.themescamp.com/dark/assets/css/base.css]
[cdn.jsdelivr.net/npm/bootstrap-icons@1.7.2/font/fonts/bootstrap-iconsf114.woff2]
[cdn.jsdelivr.net/npm/bootstrap-icons@1.7.2/font/fonts/bootstrap-iconsf114.woff]
[cdn.jsdelivr.net/npm/bootstrap-icons@1.7.2/font/bootstrap-icons.css]
[geekfolio-nextjs.themescamp.com/dark/assets/css/plugins/bootstrap.min.css]
[geekfolio-nextjs.themescamp.com/dark/assets/css/plugins/animate.min.css]
[geekfolio-nextjs.themescamp.com/dark/assets/css/plugins/ionicons.min.css]
[geekfolio-nextjs.themescamp.com/dark/assets/css/plugins/pe-icon-7-stroke.css]
[geekfolio-nextjs.themescamp.com/dark/assets/css/plugins/fontawesome-all.min.css]
[geekfolio-nextjs.themescamp.com/dark/assets/css/plugins/justifiedGallery.min.css]
[geekfolio-nextjs.themescamp.com/dark/assets/css/plugins/magnific-popup.css]
[geekfolio-nextjs.themescamp.com/dark/assets/css/plugins/YouTubePopUp.css]
[geekfolio-nextjs.themescamp.com/dark/assets/css/plugins/slick.css]
[geekfolio-nextjs.themescamp.com/dark/assets/css/plugins/slick-theme.css]
[geekfolio-nextjs.themescamp.com/dark/assets/css/plugins.css]
[geekfolio-nextjs.themescamp.com/dark/assets/css/plugins/swiper.min.css]
[geekfolio-nextjs.themescamp.com/dark/assets/imgs/patterns/noise.png]
[geekfolio-nextjs.themescamp.com/dark/assets/imgs/patterns/dots2.png]
[geekfolio-nextjs.themescamp.com/dark/assets/imgs/patterns/bg-pattern.png]
[geekfolio-nextjs.themescamp.com/dark/assets/imgs/svg-assets/left-quote.png]
[geekfolio-nextjs.themescamp.com/dark/assets/css/style.css]
[geekfolio-nextjs.themescamp.com/_next/static/css/79e328fba8a99f7d.css]
[geekfolio-nextjs.themescamp.com/dark/home-main/page-contact.html]
[geekfolio-nextjs.themescamp.com/dark/assets/css/plugins/bootstrap.min.css]
[geekfolio-nextjs.themescamp.com/dark/assets/css/plugins/animate.min.css]
[geekfolio-nextjs.themescamp.com/dark/assets/css/plugins/ionicons.min.css]
[geekfolio-nextjs.themescamp.com/dark/assets/css/plugins/pe-icon-7-stroke.css]
[geekfolio-nextjs.themescamp.com/dark/assets/css/plugins/fontawesome-all.min.css]
[geekfolio-nextjs.themescamp.com/dark/assets/css/plugins/justifiedGallery.min.css]
[geekfolio-nextjs.themescamp.com/dark/assets/css/plugins/magnific-popup.css]
[geekfolio-nextjs.themescamp.com/dark/assets/css/images/close.png]
[geekfolio-nextjs.themescamp.com/dark/assets/css/plugins/YouTubePopUp.css]
[geekfolio-nextjs.themescamp.com/dark/assets/css/plugins/slick.css]
[geekfolio-nextjs.themescamp.com/dark/assets/css/plugins/slick-theme.css]
[geekfolio-nextjs.themescamp.com/dark/assets/css/plugins/swiper.min.css]
[geekfolio-nextjs.themescamp.com/dark/assets/css/images/close.html]
